[     774ms] [WARNING] <meta name="apple-mobile-web-app-capable" content="yes"> is deprecated. Please include <meta name="mobile-web-app-capable" content="yes"> @ https://localhost/grafana/login:0
[     815ms] [VERBOSE] [DOM] Input elements should have autocomplete attributes (suggested: "username"): (More info: https://goo.gl/9p2vKq) %o @ https://localhost/grafana/login:0
[   38304ms] [VERBOSE] [DOM] Password forms should have (optionally hidden) username fields for accessibility: (More info: https://goo.gl/9p2vKq) %o @ https://localhost/grafana/login:0
[   82624ms] [WARNING] <meta name="apple-mobile-web-app-capable" content="yes"> is deprecated. Please include <meta name="mobile-web-app-capable" content="yes"> @ https://localhost/grafana/:0
[   82973ms] [WARNING] Deprecation warning: value provided is not in a recognized RFC2822 or ISO format. moment construction falls back to js Date(), which is not reliable across all browsers and versions. Non RFC2822/ISO date formats are discouraged. Please refer to http://momentjs.com/guides/#/warnings/js-date/ for more info.
Arguments: 
[0] _isAMomentObject: true, _isUTC: false, _useUTC: false, _l: undefined, _i: Mon, 30 Mar 2026 16:22:31, _f: undefined, _strict: undefined, _locale: [object Object]
Error
    at a.createFromInputFallback (https://localhost/grafana/public/build/6029.0549a3fcb50e73c4b256.js:624:3)
    at an (https://localhost/grafana/public/build/6029.0549a3fcb50e73c4b256.js:624:25647)
    at un (https://localhost/grafana/public/build/6029.0549a3fcb50e73c4b256.js:624:29355)
    at aa (https://localhost/grafana/public/build/6029.0549a3fcb50e73c4b256.js:624:29221)
    at on (https://localhost/grafana/public/build/6029.0549a3fcb50e73c4b256.js:624:28938)
    at sa (https://localhost/grafana/public/build/6029.0549a3fcb50e73c4b256.js:624:29715)
    at A (https://localhost/grafana/public/build/6029.0549a3fcb50e73c4b256.js:624:29748)
    at a (https://localhost/grafana/public/build/6029.0549a3fcb50e73c4b256.js:621:89)
    at g (https://localhost/grafana/public/build/4570.87a4acc6d9144f9ee50a.js:1:29662)
    at g (https://localhost/grafana/public/build/4570.87a4acc6d9144f9ee50a.js:5988:61915) @ https://localhost/grafana/public/build/6029.0549a3fcb50e73c4b256.js:620
[  209318ms] [WARNING] [Deprecation warning] DataSource loki: templateSrv.getAdhocFilters is deprecated. Use filters property on the request (DataQueryRequest). Or if this is called from interpolateVariablesInQueries or applyTemplateVariables it is passed as a new argument instead @ https://localhost/grafana/public/build/4570.87a4acc6d9144f9ee50a.js:2
[  278730ms] [WARNING] <meta name="apple-mobile-web-app-capable" content="yes"> is deprecated. Please include <meta name="mobile-web-app-capable" content="yes"> @ https://localhost/grafana/d/bookvisit-overview/bookvisit-overview?orgId=1:0
[  365514ms] [WARNING] Deprecation warning: value provided is not in a recognized RFC2822 or ISO format. moment construction falls back to js Date(), which is not reliable across all browsers and versions. Non RFC2822/ISO date formats are discouraged. Please refer to http://momentjs.com/guides/#/warnings/js-date/ for more info.
Arguments: 
[0] _isAMomentObject: true, _isUTC: false, _useUTC: false, _l: undefined, _i: now-6h, _f: undefined, _strict: undefined, _locale: [object Object]
Error
    at a.createFromInputFallback (https://localhost/grafana/public/build/6029.0549a3fcb50e73c4b256.js:624:3)
    at an (https://localhost/grafana/public/build/6029.0549a3fcb50e73c4b256.js:624:25647)
    at un (https://localhost/grafana/public/build/6029.0549a3fcb50e73c4b256.js:624:29355)
    at aa (https://localhost/grafana/public/build/6029.0549a3fcb50e73c4b256.js:624:29221)
    at on (https://localhost/grafana/public/build/6029.0549a3fcb50e73c4b256.js:624:28938)
    at sa (https://localhost/grafana/public/build/6029.0549a3fcb50e73c4b256.js:624:29715)
    at A (https://localhost/grafana/public/build/6029.0549a3fcb50e73c4b256.js:624:29748)
    at Te.Vn [as isSame] (https://localhost/grafana/public/build/6029.0549a3fcb50e73c4b256.js:624:37405)
    at os (https://localhost/grafana/public/build/4417.012eb5b7fb3398350095.js:163:542)
    at _i (https://localhost/grafana/public/build/4417.012eb5b7fb3398350095.js:163:634) @ https://localhost/grafana/public/build/6029.0549a3fcb50e73c4b256.js:620
[  436022ms] [ERROR] SceneVariableSet updateAndValidate error {message: Datasource  was not found} @ https://localhost/grafana/public/build/484.805ce326eee3d290c3d9.js:49
[  445182ms] [ERROR] Failed to load resource: the server responded with a status of 404 (Not Found) @ https://localhost/grafana/api/plugins/axiomhq-axiom-datasource/markdown/README:0
[  503127ms] [WARNING] [Deprecation warning] DataSource loki: templateSrv.getAdhocFilters is deprecated. Use filters property on the request (DataQueryRequest). Or if this is called from interpolateVariablesInQueries or applyTemplateVariables it is passed as a new argument instead @ https://localhost/grafana/public/build/4570.87a4acc6d9144f9ee50a.js:2
[  625211ms] [ERROR] Failed to load resource: the server responded with a status of 400 (Bad Request) @ https://localhost/grafana/api/ds/query?ds_type=loki&requestId=explore_qdl_1:0
[  625212ms] [ERROR] Failed to load resource: the server responded with a status of 400 (Bad Request) @ https://localhost/grafana/api/ds/query?ds_type=loki&requestId=explore_qdl_logs_volume_0_1:0
[  625280ms] Object
